
> sites-project@1.1.0 test
> vitest run --config vitest.config.ts lib/radio/sim/pileupGolden.test.ts


 RUN  v3.2.4 /private/tmp/e201/head

 ❯ lib/radio/sim/pileupGolden.test.ts (1 test | 1 failed) 1158ms
   × Pileup Run golden runs > reproduces every fixed-seed run exactly 1157ms
     → intro-average#1: expected '25467add797c9d7b0647e69131c9fad56acb3…' to be 'ae4b01cfea1e0d14ae002e96590c3dc264492…' // Object.is equality

⎯⎯⎯⎯⎯⎯⎯ Failed Tests 1 ⎯⎯⎯⎯⎯⎯⎯

 FAIL  lib/radio/sim/pileupGolden.test.ts > Pileup Run golden runs > reproduces every fixed-seed run exactly
AssertionError: intro-average#1: expected '25467add797c9d7b0647e69131c9fad56acb3…' to be 'ae4b01cfea1e0d14ae002e96590c3dc264492…' // Object.is equality

Expected: "ae4b01cfea1e0d14ae002e96590c3dc264492c58fe281d0f5ef0d27aa5ba3cee"
Received: "25467add797c9d7b0647e69131c9fad56acb354d8a49a66c121a57e84331bc2a"

 ❯ lib/radio/sim/pileupGolden.test.ts:32:59
     30|       // Summary first: when a digest moves, it says which numbers did.
     31|       expect({ run: `${entry.name}#${entry.seed}`, ...entry.summary })…
     32|       expect(entry.digest, `${entry.name}#${entry.seed}`).toBe(expecte…
       |                                                           ^
     33|     }
     34|   }, 120_000);

⎯⎯⎯⎯⎯⎯⎯⎯⎯⎯⎯⎯⎯⎯⎯⎯⎯⎯⎯⎯⎯⎯⎯⎯[1/1]⎯


 Test Files  1 failed (1)
      Tests  1 failed (1)
   Start at  13:11:04
   Duration  1.45s (transform 102ms, setup 0ms, collect 134ms, tests 1.16s, environment 0ms, prepare 34ms)

